ALERTA DE PRUEBA DE TELEGRAM
ALERTA DE PRUEBA DE TELEGRAM
ALERTA DE PRUEBA DE TELEGRAM
ALERTA DE PRUEBA DE TELEGRAM
ALERTA DE PRUEBA DE TELEGRAM
Test de alerta crítica
PRUEBA DE ALERTA
PRUEBA DE ALERTA
PRUEBA DE ALERTA
ALERTA GMAIL
ALERTA DE PRUEBA GMAIL Thu Jun 19 11:36:50 PM UTC 2025
ALERTA PRUEBA DEFINITIVA Thu Jun 19 11:40:11 PM UTC 2025
ALERTA PRUEBA FINAL Thu Jun 19 11:43:28 PM UTC 2025
ALERTA PRUEBA FINAL Thu Jun 19 11:46:24 PM UTC 2025
{"ALERTA PRUEBA": "EMAIL FINAL"}
ALERTA DE PRUEBA FINAL GMAIL Fri Jun 20 12:06:20 AM UTC 2025
ALERTA DE PRUEBA AUTOMÁTICA Fri Jun 20 12:08:47 AM UTC 2025
ALERTA DE PRUEBA - ENVIO AUTOMÁTICO Fri Jun 20 12:13:19 AM UTC 2025
ALERTA DE PRUEBA - CORREO AUTOMÁTICO Fri Jun 20 12:18:26 AM UTC 2025
ALERTA DE PRUEBA - CORREO AUTOMÁTICO Fri Jun 20 12:20:42 AM UTC 2025
